<html>
<body>
<pre>
<h1>µVision Build Log</h1>
<h2>Project:</h2>
C:\Keil\Labware\Driver - Copy\Lab2.uvproj
Project File Date:  11/04/2024

<h2>Output:</h2>
Build target 'HelloLaunchPad'
compiling main.c...
compiling GPIO.c...
compiling LCD.c...
compiling switch.c...
compiling LED.c...
linking...
Program Size: Code=3304 RO-data=2088 RW-data=44 ZI-data=1756  
".\HelloLaunchPad.axf" - 0 Error(s), 0 Warning(s).
</pre>
</body>
</html>
in.c(39): warning:  #223-D: function "LED_voidON" declared implicitly
              LED_voidON(5, 3); // Set PF3 (green LED)
main.c(40): warning:  #223-D: function "LED_voidOFF" declared implicitly
              LED_voidOFF(5, 1); // Clear PF1 (red LED)
main.c(43): warning:  #223-D: function "LED_voidON" declared implicitly
              LED_voidON(5, 1); // Set PF1 (red LED)
main.c(44): warning:  #223-D: function "LED_voidOFF" declared implicitly
              LED_voidOFF(5, 3); // Clear PF3 (green LED)
main.c(48): warning:  #223-D: function "LED_voidON" declared implicitly
          LED_voidON(5, 2);  // Set PF2 (blue LED)
main.c(49): warning:  #223-D: function "LED_voidOFF" declared implicitly
          LED_voidOFF(5, 1);  // Clear PF1 (red LED)
main.c: 8 warnings, 0 errors
compiling GPIO.c...
linking...
Program Size: Code=3304 RO-data=2088 RW-data=44 ZI-data=1756  
".\HelloLaunchPad.axf" - 0 Error(s), 8 Warning(s).
, 8 Warning(s).
ng, 1 error
".\HelloLaunchPad.axf" - 1 Error(s), 8 Warning(s).
Target not created
